// Jest Snapshot v1, https://goo.gl/fbAQLP

exports[`Carousel component snapshot - carousel component 1`] = `
<div
  className="slick-slider center slick-initialized"
  dir="ltr"
>
  <button
    className="slick-arrow slick-prev"
    data-role="none"
    onClick={[Function]}
    style={
      Object {
        "display": "block",
      }
    }
    type="button"
  >
     
    Previous
  </button>
  <div
    className="slick-list"
    onClick={[Function]}
    onKeyDown={[Function]}
    onMouseDown={[Function]}
    onMouseLeave={null}
    onMouseMove={null}
    onMouseUp={[Function]}
    onTouchCancel={null}
    onTouchEnd={[Function]}
    onTouchMove={null}
    onTouchStart={[Function]}
    style={
      Object {
        "padding": "0px 50px",
      }
    }
  >
    <div
      className="slick-track"
      onMouseEnter={[Function]}
      onMouseLeave={[Function]}
      onMouseOver={[Function]}
      style={
        Object {
          "WebkitTransform": "translate3d(300px, 0px, 0px)",
          "WebkitTransition": "",
          "msTransform": "translateX(300px)",
          "opacity": 1,
          "transform": "translate3d(300px, 0px, 0px)",
          "transition": "",
          "width": -1000,
        }
      }
    >
      <div
        aria-hidden={true}
        className="slick-slide slick-cloned"
        data-index={-2}
        onClick={[Function]}
        style={
          Object {
            "width": -100,
          }
        }
        tabIndex="-1"
      >
        <div>
          <div
            className="carouselContent"
            style={
              Object {
                "display": "inline-block",
                "width": "100%",
              }
            }
            tabIndex={-1}
          >
            <div
              className="carouselContent_text"
            >
              <h3>
                Cлайд 3
              </h3>
            </div>
            <img
              alt="slide"
              className="carouselContent_img"
              src="test-file-stub"
            />
          </div>
        </div>
      </div>
      <div
        aria-hidden={true}
        className="slick-slide slick-cloned"
        data-index={-1}
        onClick={[Function]}
        style={
          Object {
            "width": -100,
          }
        }
        tabIndex="-1"
      >
        <div>
          <div
            className="carouselContent"
            style={
              Object {
                "display": "inline-block",
                "width": "100%",
              }
            }
            tabIndex={-1}
          >
            <div
              className="carouselContent_text"
            >
              <h3>
                Cлайд 4
              </h3>
            </div>
            <img
              alt="slide"
              className="carouselContent_img"
              src="test-file-stub"
            />
          </div>
        </div>
      </div>
      <div
        aria-hidden={true}
        className="slick-slide slick-current"
        data-index={0}
        onClick={[Function]}
        style={
          Object {
            "outline": "none",
            "width": -100,
          }
        }
        tabIndex="-1"
      >
        <div>
          <div
            className="carouselContent"
            style={
              Object {
                "display": "inline-block",
                "width": "100%",
              }
            }
            tabIndex={-1}
          >
            <div
              className="carouselContent_text"
            >
              <h3>
                Cлайд 1
              </h3>
            </div>
            <img
              alt="slide"
              className="carouselContent_img"
              src="test-file-stub"
            />
          </div>
        </div>
      </div>
      <div
        aria-hidden={false}
        className="slick-slide slick-active slick-center"
        data-index={1}
        onClick={[Function]}
        style={
          Object {
            "outline": "none",
            "width": -100,
          }
        }
        tabIndex="-1"
      >
        <div>
          <div
            className="carouselContent"
            style={
              Object {
                "display": "inline-block",
                "width": "100%",
              }
            }
            tabIndex={-1}
          >
            <div
              className="carouselContent_text"
            >
              <h3>
                Cлайд 2
              </h3>
            </div>
            <img
              alt="slide"
              className="carouselContent_img"
              src="test-file-stub"
            />
          </div>
        </div>
      </div>
      <div
        aria-hidden={true}
        className="slick-slide"
        data-index={2}
        onClick={[Function]}
        style={
          Object {
            "outline": "none",
            "width": -100,
          }
        }
        tabIndex="-1"
      >
        <div>
          <div
            className="carouselContent"
            style={
              Object {
                "display": "inline-block",
                "width": "100%",
              }
            }
            tabIndex={-1}
          >
            <div
              className="carouselContent_text"
            >
              <h3>
                Cлайд 3
              </h3>
            </div>
            <img
              alt="slide"
              className="carouselContent_img"
              src="test-file-stub"
            />
          </div>
        </div>
      </div>
      <div
        aria-hidden={true}
        className="slick-slide"
        data-index={3}
        onClick={[Function]}
        style={
          Object {
            "outline": "none",
            "width": -100,
          }
        }
        tabIndex="-1"
      >
        <div>
          <div
            className="carouselContent"
            style={
              Object {
                "display": "inline-block",
                "width": "100%",
              }
            }
            tabIndex={-1}
          >
            <div
              className="carouselContent_text"
            >
              <h3>
                Cлайд 4
              </h3>
            </div>
            <img
              alt="slide"
              className="carouselContent_img"
              src="test-file-stub"
            />
          </div>
        </div>
      </div>
      <div
        aria-hidden={true}
        className="slick-slide slick-cloned"
        data-index={4}
        onClick={[Function]}
        style={
          Object {
            "width": -100,
          }
        }
        tabIndex="-1"
      >
        <div>
          <div
            className="carouselContent"
            style={
              Object {
                "display": "inline-block",
                "width": "100%",
              }
            }
            tabIndex={-1}
          >
            <div
              className="carouselContent_text"
            >
              <h3>
                Cлайд 1
              </h3>
            </div>
            <img
              alt="slide"
              className="carouselContent_img"
              src="test-file-stub"
            />
          </div>
        </div>
      </div>
      <div
        aria-hidden={true}
        className="slick-slide slick-center slick-cloned"
        data-index={5}
        onClick={[Function]}
        style={
          Object {
            "width": -100,
          }
        }
        tabIndex="-1"
      >
        <div>
          <div
            className="carouselContent"
            style={
              Object {
                "display": "inline-block",
                "width": "100%",
              }
            }
            tabIndex={-1}
          >
            <div
              className="carouselContent_text"
            >
              <h3>
                Cлайд 2
              </h3>
            </div>
            <img
              alt="slide"
              className="carouselContent_img"
              src="test-file-stub"
            />
          </div>
        </div>
      </div>
      <div
        aria-hidden={true}
        className="slick-slide slick-cloned"
        data-index={6}
        onClick={[Function]}
        style={
          Object {
            "width": -100,
          }
        }
        tabIndex="-1"
      >
        <div>
          <div
            className="carouselContent"
            style={
              Object {
                "display": "inline-block",
                "width": "100%",
              }
            }
            tabIndex={-1}
          >
            <div
              className="carouselContent_text"
            >
              <h3>
                Cлайд 3
              </h3>
            </div>
            <img
              alt="slide"
              className="carouselContent_img"
              src="test-file-stub"
            />
          </div>
        </div>
      </div>
      <div
        aria-hidden={true}
        className="slick-slide slick-cloned"
        data-index={7}
        onClick={[Function]}
        style={
          Object {
            "width": -100,
          }
        }
        tabIndex="-1"
      >
        <div>
          <div
            className="carouselContent"
            style={
              Object {
                "display": "inline-block",
                "width": "100%",
              }
            }
            tabIndex={-1}
          >
            <div
              className="carouselContent_text"
            >
              <h3>
                Cлайд 4
              </h3>
            </div>
            <img
              alt="slide"
              className="carouselContent_img"
              src="test-file-stub"
            />
          </div>
        </div>
      </div>
    </div>
  </div>
  <button
    className="slick-arrow slick-next"
    data-role="none"
    onClick={[Function]}
    style={
      Object {
        "display": "block",
      }
    }
    type="button"
  >
     
    Next
  </button>
</div>
`;
